[LOCAL_PATH]\WEB-INF\.tmpbeansrc\sharedFlowReference2\Controller.java:26: package sharedFlowReference1 does not exist
    private sharedFlowReference1.SharedFlow sfRef;
                                ^
[LOCAL_PATH]\WEB-INF\.tmpbeansrc\sharedFlowReference2\Controller.java:26: This field must be of a type assignable from sharedFlowReference2.SharedFlow.
    private sharedFlowReference1.SharedFlow sfRef;
                                            ^
[LOCAL_PATH]\WEB-INF\.tmpbeansrc\sharedFlowReference2\Controller.java:26: warning: Member data should be Serializable or transient.
    private sharedFlowReference1.SharedFlow sfRef;
                                            ^
1 error
1 warning
