[LOCAL_PATH]\WEB-INF\.tmpbeansrc\PF_PkgNotMatchDir\Controller.java:25: warning: File "Pg1.jsp" could not be found in the web application.
    protected Forward begin()
                      ^
[LOCAL_PATH]\WEB-INF\.tmpbeansrc\PF_PkgNotMatchDir\Controller.java:36: warning: File "Pg1.jsp" could not be found in the web application.
    protected Forward page1()
                      ^
[LOCAL_PATH]\WEB-INF\.tmpbeansrc\PF_PkgNotMatchDir\Controller.java:17: The package does not match the directory [LOCAL_PATH]\WEB-INF\.tmpbeansrc\PF_PkgNotMatchDir.
public class Controller extends PageFlowController
       ^
1 error
2 warnings
