[LOCAL_PATH]\WEB-INF\.tmpbeansrc\PF_ActionNegatives\Controller.java:37: ')' expected
        forwards = {
        ^
[LOCAL_PATH]\WEB-INF\.tmpbeansrc\PF_ActionNegatives\Controller.java:46: illegal start of type
    }
    ^
[LOCAL_PATH]\WEB-INF\.tmpbeansrc\PF_ActionNegatives\Controller.java:36: cannot find symbol
symbol  : method name()
location: @interface org.apache.beehive.netui.pageflow.annotations.Jpf.Action
        name="InvalidHere"
        ^
[LOCAL_PATH]\WEB-INF\.tmpbeansrc\PF_ActionNegatives\Controller.java:46: warning: Member data should be Serializable or transient.
    }
    ^
1 warning
[LOCAL_PATH]\WEB-INF\.tmpbeansrc\PF_ActionNegatives\Controller.java:37: ')' expected
        forwards = {
        ^
[LOCAL_PATH]\WEB-INF\.tmpbeansrc\PF_ActionNegatives\Controller.java:46: illegal start of type
    }
    ^
2 errors
