[LOCAL_PATH]/WEB-INF\.tmpbeansrc\actionOutputTypeHintMismatchWarning\Controller.java:48: warning: The typeHint value of "java.util.HashSet" cannot be assigned to the type value of java.util.ArrayList.
    public Forward begin()
                   ^
[LOCAL_PATH]/WEB-INF\.tmpbeansrc\actionOutputTypeHintMismatchWarning\Controller.java:48: warning: The typeHint value of "java.util.HashSet<String>" cannot be assigned to the type value of java.util.ArrayList.
    public Forward begin()
                   ^
[LOCAL_PATH]/WEB-INF\.tmpbeansrc\actionOutputTypeHintMismatchWarning\Controller.java:48: warning: The typeHint value of "SomeUnresolvableType" is not resolvable as a type.
    public Forward begin()
                   ^
3 warnings
