[LOCAL_PATH]\WEB-INF\.tmpbeansrc\formBeanChecker\Controller.java:190: This value must be a primitive Class, e.g. int.class.
        public String getName() { return name; }
                      ^
[LOCAL_PATH]\WEB-INF\.tmpbeansrc\formBeanChecker\Controller.java:198: The propertyName attribute is not allowed here. The property name is inferred from the getter method name.
        public String getId() { return id; }
                      ^
[LOCAL_PATH]\WEB-INF\.tmpbeansrc\formBeanChecker\Controller.java:182: warning: Form beans using declarative validation annotations should have a Jpf.FormBean annotation on the class declaration.
    public static class MyBean implements Serializable {
                  ^
[LOCAL_PATH]\WEB-INF\.tmpbeansrc\formBeanChecker\TestFormBean.java:34: This value must be a primitive Class, e.g. int.class.
    public String getName() { return name; }
                  ^
[LOCAL_PATH]\WEB-INF\.tmpbeansrc\formBeanChecker\TestFormBean.java:43: The propertyName attribute is not allowed here. The property name is inferred from the getter method name.
    public String getId() { return id; }
                  ^
[LOCAL_PATH]\WEB-INF\.tmpbeansrc\formBeanChecker\Controller.java:169: This value must be a primitive Class, e.g. int.class.
        public String getName() { return name; }
                      ^
[LOCAL_PATH]\WEB-INF\.tmpbeansrc\formBeanChecker\Controller.java:177: The propertyName attribute is not allowed here. The property name is inferred from the getter method name.
        public String getId() { return id; }
                      ^
[LOCAL_PATH]\WEB-INF\.tmpbeansrc\formBeanChecker\TestBean.java:33: This value must be a primitive Class, e.g. int.class.
    public String getName() { return name; }
                  ^
[LOCAL_PATH]\WEB-INF\.tmpbeansrc\formBeanChecker\TestBean.java:42: The propertyName attribute is not allowed here. The property name is inferred from the getter method name.
    public String getId() { return id; }
                  ^
[LOCAL_PATH]\WEB-INF\.tmpbeansrc\formBeanChecker\TestBean.java:23: warning: Form beans using declarative validation annotations should have a Jpf.FormBean annotation on the class declaration.
public class TestBean implements java.io.Serializable {
       ^
8 errors
2 warnings
