[LOCAL_PATH]\WEB-INF\.tmpbeansrc\PF_ForwardRedirect\Controller.java:37: cannot find symbol
symbol  : variable badValue
location: class PF_ForwardRedirect.Controller
                redirect = badValue)
                           ^
[LOCAL_PATH]\WEB-INF\.tmpbeansrc\PF_ForwardRedirect\Controller.java:37: cannot find symbol
symbol  : variable badValue
location: class PF_ForwardRedirect.Controller
                redirect = badValue)
                           ^
1 error
