[LOCAL_PATH]\WEB-INF\.tmpbeansrc\SF_ImplicitReferences\Controller.java:21: warning: Field sfRef is of a type that extends org.apache.beehive.netui.pageflow.SharedFlowController, but it has no @Jpf.SharedFlowField annotation.  It will not be initialized automatically.
    private SF_ImplicitReferences.SharedFlow sfRef;
                                             ^
1 warning
